Archive member included to satisfy reference by file (symbol)

../../Middlewares/ST/ARM/DSP/Lib/libarm_cortexM4lf_math.a(arm_biquad_cascade_df1_init_f32.o)
                              ./Application/User/Core/main.o (arm_biquad_cascade_df1_init_f32)
../../Middlewares/ST/ARM/DSP/Lib/libarm_cortexM4lf_math.a(arm_biquad_cascade_df1_f32.o)
                              ./Application/User/Core/main.o (arm_biquad_cascade_df1_f32)
/Applications/STM32CubeIDE.app/Contents/Eclipse/plugins/com.st.stm32cube.ide.mcu.externaltools.gnu-tools-for-stm32.12.3.rel1.macos64_1.0.200.202406191456/tools/bin/../lib/gcc/arm-none-eabi/12.3.1/../../../../arm-none-eabi/lib/thumb/v7e-m+fp/hard/libc_nano.a(libc_a-exit.o)
                              /Applications/STM32CubeIDE.app/Contents/Eclipse/plugins/com.st.stm32cube.ide.mcu.externaltools.gnu-tools-for-stm32.12.3.rel1.macos64_1.0.200.202406191456/tools/bin/../lib/gcc/arm-none-eabi/12.3.1/../../../../arm-none-eabi/lib/thumb/v7e-m+fp/hard/crt0.o (exit)
/Applications/STM32CubeIDE.app/Contents/Eclipse/plugins/com.st.stm32cube.ide.mcu.externaltools.gnu-tools-for-stm32.12.3.rel1.macos64_1.0.200.202406191456/tools/bin/../lib/gcc/arm-none-eabi/12.3.1/../../../../arm-none-eabi/lib/thumb/v7e-m+fp/hard/libc_nano.a(libc_a-findfp.o)
                              /Applications/STM32CubeIDE.app/Contents/Eclipse/plugins/com.st.stm32cube.ide.mcu.externaltools.gnu-tools-for-stm32.12.3.rel1.macos64_1.0.200.202406191456/tools/bin/../lib/gcc/arm-none-eabi/12.3.1/../../../../arm-none-eabi/lib/thumb/v7e-m+fp/hard/libc_nano.a(libc_a-exit.o) (__stdio_exit_handler)
/Applications/STM32CubeIDE.app/Contents/Eclipse/plugins/com.st.stm32cube.ide.mcu.externaltools.gnu-tools-for-stm32.12.3.rel1.macos64_1.0.200.202406191456/tools/bin/../lib/gcc/arm-none-eabi/12.3.1/../../../../arm-none-eabi/lib/thumb/v7e-m+fp/hard/libc_nano.a(libc_a-fwalk.o)
                              /Applications/STM32CubeIDE.app/Contents/Eclipse/plugins/com.st.stm32cube.ide.mcu.externaltools.gnu-tools-for-stm32.12.3.rel1.macos64_1.0.200.202406191456/tools/bin/../lib/gcc/arm-none-eabi/12.3.1/../../../../arm-none-eabi/lib/thumb/v7e-m+fp/hard/libc_nano.a(libc_a-findfp.o) (_fwalk_sglue)
/Applications/STM32CubeIDE.app/Contents/Eclipse/plugins/com.st.stm32cube.ide.mcu.externaltools.gnu-tools-for-stm32.12.3.rel1.macos64_1.0.200.202406191456/tools/bin/../lib/gcc/arm-none-eabi/12.3.1/../../../../arm-none-eabi/lib/thumb/v7e-m+fp/hard/libc_nano.a(libc_a-memset.o)
                              /Applications/STM32CubeIDE.app/Contents/Eclipse/plugins/com.st.stm32cube.ide.mcu.externaltools.gnu-tools-for-stm32.12.3.rel1.macos64_1.0.200.202406191456/tools/bin/../lib/gcc/arm-none-eabi/12.3.1/../../../../arm-none-eabi/lib/thumb/v7e-m+fp/hard/crt0.o (memset)
/Applications/STM32CubeIDE.app/Contents/Eclipse/plugins/com.st.stm32cube.ide.mcu.externaltools.gnu-tools-for-stm32.12.3.rel1.macos64_1.0.200.202406191456/tools/bin/../lib/gcc/arm-none-eabi/12.3.1/../../../../arm-none-eabi/lib/thumb/v7e-m+fp/hard/libc_nano.a(libc_a-impure.o)
                              /Applications/STM32CubeIDE.app/Contents/Eclipse/plugins/com.st.stm32cube.ide.mcu.externaltools.gnu-tools-for-stm32.12.3.rel1.macos64_1.0.200.202406191456/tools/bin/../lib/gcc/arm-none-eabi/12.3.1/../../../../arm-none-eabi/lib/thumb/v7e-m+fp/hard/libc_nano.a(libc_a-findfp.o) (_impure_data)
/Applications/STM32CubeIDE.app/Contents/Eclipse/plugins/com.st.stm32cube.ide.mcu.externaltools.gnu-tools-for-stm32.12.3.rel1.macos64_1.0.200.202406191456/tools/bin/../lib/gcc/arm-none-eabi/12.3.1/../../../../arm-none-eabi/lib/thumb/v7e-m+fp/hard/libc_nano.a(libc_a-errno.o)
                              ./Application/User/Core/syscalls.o (__errno)
/Applications/STM32CubeIDE.app/Contents/Eclipse/plugins/com.st.stm32cube.ide.mcu.externaltools.gnu-tools-for-stm32.12.3.rel1.macos64_1.0.200.202406191456/tools/bin/../lib/gcc/arm-none-eabi/12.3.1/../../../../arm-none-eabi/lib/thumb/v7e-m+fp/hard/libc_nano.a(libc_a-init.o)
                              /Applications/STM32CubeIDE.app/Contents/Eclipse/plugins/com.st.stm32cube.ide.mcu.externaltools.gnu-tools-for-stm32.12.3.rel1.macos64_1.0.200.202406191456/tools/bin/../lib/gcc/arm-none-eabi/12.3.1/../../../../arm-none-eabi/lib/thumb/v7e-m+fp/hard/crt0.o (__libc_init_array)
/Applications/STM32CubeIDE.app/Contents/Eclipse/plugins/com.st.stm32cube.ide.mcu.externaltools.gnu-tools-for-stm32.12.3.rel1.macos64_1.0.200.202406191456/tools/bin/../lib/gcc/arm-none-eabi/12.3.1/../../../../arm-none-eabi/lib/thumb/v7e-m+fp/hard/libc_nano.a(libc_a-lock.o)
                              /Applications/STM32CubeIDE.app/Contents/Eclipse/plugins/com.st.stm32cube.ide.mcu.externaltools.gnu-tools-for-stm32.12.3.rel1.macos64_1.0.200.202406191456/tools/bin/../lib/gcc/arm-none-eabi/12.3.1/../../../../arm-none-eabi/lib/thumb/v7e-m+fp/hard/libc_nano.a(libc_a-findfp.o) (__retarget_lock_init_recursive)
[...]
Memory Configuration

Name             Origin             Length             Attributes
RAM              0x20000000         0x00020000         xrw
FLASH            0x08000000         0x00080000         xr
*default*        0x00000000         0xffffffff

Linker script and memory map

LOAD /Applications/STM32CubeIDE.app/Contents/Eclipse/plugins/com.st.stm32cube.ide.mcu.externaltools.gnu-tools-for-stm32.12.3.rel1.macos64_1.0.200.202406191456/tools/bin/../lib/gcc/arm-none-eabi/12.3.1/thumb/v7e-m+fp/hard/crti.o
LOAD /Applications/STM32CubeIDE.app/Contents/Eclipse/plugins/com.st.stm32cube.ide.mcu.externaltools.gnu-tools-for-stm32.12.3.rel1.macos64_1.0.200.202406191456/tools/bin/../lib/gcc/arm-none-eabi/12.3.1/thumb/v7e-m+fp/hard/crtbegin.o
LOAD /Applications/STM32CubeIDE.app/Contents/Eclipse/plugins/com.st.stm32cube.ide.mcu.externaltools.gnu-tools-for-stm32.12.3.rel1.macos64_1.0.200.202406191456/tools/bin/../lib/gcc/arm-none-eabi/12.3.1/../../../../arm-none-eabi/lib/thumb/v7e-m+fp/hard/crt0.o
LOAD ./Application/User/Core/main.o
LOAD ./Application/User/Core/stm32g4xx_hal_msp.o
LOAD ./Application/User/Core/stm32g4xx_it.o
LOAD ./Application/User/Core/syscalls.o
LOAD ./Application/User/Core/sysmem.o
LOAD ./Application/User/Startup/startup_stm32g474retx.o
LOAD ./Drivers/CMSIS/system_stm32g4xx.o
LOAD ./Drivers/STM32G4xx_HAL_Driver/stm32g4xx_hal.o
LOAD ./Drivers/STM32G4xx_HAL_Driver/stm32g4xx_hal_cortex.o
LOAD ./Drivers/STM32G4xx_HAL_Driver/stm32g4xx_hal_dac.o
LOAD ./Drivers/STM32G4xx_HAL_Driver/stm32g4xx_hal_dac_ex.o
LOAD ./Drivers/STM32G4xx_HAL_Driver/stm32g4xx_hal_dma.o
LOAD ./Drivers/STM32G4xx_HAL_Driver/stm32g4xx_hal_dma_ex.o
LOAD ./Drivers/STM32G4xx_HAL_Driver/stm32g4xx_hal_exti.o
LOAD ./Drivers/STM32G4xx_HAL_Driver/stm32g4xx_hal_flash.o
LOAD ./Drivers/STM32G4xx_HAL_Driver/stm32g4xx_hal_flash_ex.o
LOAD ./Drivers/STM32G4xx_HAL_Driver/stm32g4xx_hal_flash_ramfunc.o
LOAD ./Drivers/STM32G4xx_HAL_Driver/stm32g4xx_hal_gpio.o
LOAD ./Drivers/STM32G4xx_HAL_Driver/stm32g4xx_hal_pwr.o
LOAD ./Drivers/STM32G4xx_HAL_Driver/stm32g4xx_hal_pwr_ex.o
LOAD ./Drivers/STM32G4xx_HAL_Driver/stm32g4xx_hal_rcc.o
LOAD ./Drivers/STM32G4xx_HAL_Driver/stm32g4xx_hal_rcc_ex.o
LOAD ./Drivers/STM32G4xx_HAL_Driver/stm32g4xx_hal_tim.o
LOAD ./Drivers/STM32G4xx_HAL_Driver/stm32g4xx_hal_tim_ex.o
LOAD ../../Middlewares/ST/ARM/DSP/Lib/libarm_cortexM4lf_math.a
START GROUP
LOAD /Applications/STM32CubeIDE.app/Contents/Eclipse/plugins/com.st.stm32cube.ide.mcu.externaltools.gnu-tools-for-stm32.12.3.rel1.macos64_1.0.200.202406191456/tools/bin/../lib/gcc/arm-none-eabi/12.3.1/../../../../arm-none-eabi/lib/thumb/v7e-m+fp/hard/libc_nano.a
LOAD /Applications/STM32CubeIDE.app/Contents/Eclipse/plugins/com.st.stm32cube.ide.mcu.externaltools.gnu-tools-for-stm32.12.3.rel1.macos64_1.0.200.202406191456/tools/bin/../lib/gcc/arm-none-eabi/12.3.1/../../../../arm-none-eabi/lib/thumb/v7e-m+fp/hard/libm.a
END GROUP
START GROUP
LOAD /Applications/STM32CubeIDE.app/Contents/Eclipse/plugins/com.st.stm32cube.ide.mcu.externaltools.gnu-tools-for-stm32.12.3.rel1.macos64_1.0.200.202406191456/tools/bin/../lib/gcc/arm-none-eabi/12.3.1/thumb/v7e-m+fp/hard/libgcc.a
LOAD /Applications/STM32CubeIDE.app/Contents/Eclipse/plugins/com.st.stm32cube.ide.mcu.externaltools.gnu-tools-for-stm32.12.3.rel1.macos64_1.0.200.202406191456/tools/bin/../lib/gcc/arm-none-eabi/12.3.1/../../../../arm-none-eabi/lib/thumb/v7e-m+fp/hard/libc_nano.a
END GROUP
START GROUP
LOAD /Applications/STM32CubeIDE.app/Contents/Eclipse/plugins/com.st.stm32cube.ide.mcu.externaltools.gnu-tools-for-stm32.12.3.rel1.macos64_1.0.200.202406191456/tools/bin/../lib/gcc/arm-none-eabi/12.3.1/thumb/v7e-m+fp/hard/libgcc.a
LOAD /Applications/STM32CubeIDE.app/Contents/Eclipse/plugins/com.st.stm32cube.ide.mcu.externaltools.gnu-tools-for-stm32.12.3.rel1.macos64_1.0.200.202406191456/tools/bin/../lib/gcc/arm-none-eabi/12.3.1/../../../../arm-none-eabi/lib/thumb/v7e-m+fp/hard/libc_nano.a
LOAD /Applications/STM32CubeIDE.app/Contents/Eclipse/plugins/com.st.stm32cube.ide.mcu.externaltools.gnu-tools-for-stm32.12.3.rel1.macos64_1.0.200.202406191456/tools/bin/../lib/gcc/arm-none-eabi/12.3.1/../../../../arm-none-eabi/lib/thumb/v7e-m+fp/hard/libnosys.a
END GROUP
START GROUP
LOAD /Applications/STM32CubeIDE.app/Contents/Eclipse/plugins/com.st.stm32cube.ide.mcu.externaltools.gnu-tools-for-stm32.12.3.rel1.macos64_1.0.200.202406191456/tools/bin/../lib/gcc/arm-none-eabi/12.3.1/thumb/v7e-m+fp/hard/libgcc.a
LOAD /Applications/STM32CubeIDE.app/Contents/Eclipse/plugins/com.st.stm32cube.ide.mcu.externaltools.gnu-tools-for-stm32.12.3.rel1.macos64_1.0.200.202406191456/tools/bin/../lib/gcc/arm-none-eabi/12.3.1/../../../../arm-none-eabi/lib/thumb/v7e-m+fp/hard/libc_nano.a
LOAD /Applications/STM32CubeIDE.app/Contents/Eclipse/plugins/com.st.stm32cube.ide.mcu.externaltools.gnu-tools-for-stm32.12.3.rel1.macos64_1.0.200.202406191456/tools/bin/../lib/gcc/arm-none-eabi/12.3.1/../../../../arm-none-eabi/lib/thumb/v7e-m+fp/hard/libnosys.a
END GROUP
LOAD /Applications/STM32CubeIDE.app/Contents/Eclipse/plugins/com.st.stm32cube.ide.mcu.externaltools.gnu-tools-for-stm32.12.3.rel1.macos64_1.0.200.202406191456/tools/bin/../lib/gcc/arm-none-eabi/12.3.1/thumb/v7e-m+fp/hard/crtend.o
LOAD /Applications/STM32CubeIDE.app/Contents/Eclipse/plugins/com.st.stm32cube.ide.mcu.externaltools.gnu-tools-for-stm32.12.3.rel1.macos64_1.0.200.202406191456/tools/bin/../lib/gcc/arm-none-eabi/12.3.1/thumb/v7e-m+fp/hard/crtn.o
                0x20020000                        _estack = (ORIGIN (RAM) + LENGTH (RAM))
                0x00000200                        _Min_Heap_Size = 0x200
                0x00000400                        _Min_Stack_Size = 0x400

.isr_vector     0x08000000      0x1d8
                0x08000000                        . = ALIGN (0x4)
 *(.isr_vector)
 .isr_vector    0x08000000      0x1d8 ./Application/User/Startup/startup_stm32g474retx.o
                0x08000000                g_pfnVectors
                0x080001d8                        . = ALIGN (0x4)

.text           0x080001d8     0x2f00
                0x080001d8                        . = ALIGN (0x4)
 *(.text)
 .text          0x080001d8       0x40 /Applications/STM32CubeIDE.app/Contents/Eclipse/plugins/com.st.stm32cube.ide.mcu.externaltools.gnu-tools-for-stm32.12.3.rel1.macos64_1.0.200.202406191456/tools/bin/../lib/gcc/arm-none-eabi/12.3.1/thumb/v7e-m+fp/hard/crtbegin.o
 *(.text*)
 .text.filter_init
                0x08000218       0x20 ./Application/User/Core/main.o
                0x08000218                filter_init
 .text.filter_signal
                0x08000238      0x154 ./Application/User/Core/main.o
                0x08000238                filter_signal
 .text.main     0x0800038c       0x70 ./Application/User/Core/main.o
                0x0800038c                main
 .text.SystemClock_Config
                0x080003fc       0x98 ./Application/User/Core/main.o
                0x080003fc                SystemClock_Config
 .text.MX_DAC1_Init
                0x08000494       0x74 ./Application/User/Core/main.o
 .text.MX_DAC2_Init
                0x08000508       0x74 ./Application/User/Core/main.o
 .text.MX_TIM2_Init
                0x0800057c       0x9c ./Application/User/Core/main.o
 .text.MX_DMA_Init
                0x08000618       0x64 ./Application/User/Core/main.o
 .text.MX_GPIO_Init
                0x0800067c       0x30 ./Application/User/Core/main.o
 .text.Error_Handler
                0x080006ac        0xc ./Application/User/Core/main.o
                0x080006ac                Error_Handler
 .text.HAL_MspInit
                0x080006b8       0x48 ./Application/User/Core/stm32g4xx_hal_msp.o
                0x080006b8                HAL_MspInit
 .text.HAL_DAC_MspInit
                0x08000700      0x194 ./Application/User/Core/stm32g4xx_hal_msp.o
                0x08000700                HAL_DAC_MspInit
 .text.HAL_TIM_Base_MspInit
                0x08000894       0x3c ./Application/User/Core/stm32g4xx_hal_msp.o
                0x08000894                HAL_TIM_Base_MspInit
 .text.NMI_Handler
                0x080008d0        0x8 ./Application/User/Core/stm32g4xx_it.o
                0x080008d0                NMI_Handler
 .text.HardFault_Handler
                0x080008d8        0x8 ./Application/User/Core/stm32g4xx_it.o
                0x080008d8                HardFault_Handler
 .text.MemManage_Handler
                0x080008e0        0x8 ./Application/User/Core/stm32g4xx_it.o
                0x080008e0                MemManage_Handler
 .text.BusFault_Handler
                0x080008e8        0x8 ./Application/User/Core/stm32g4xx_it.o
                0x080008e8                BusFault_Handler
 .text.UsageFault_Handler
                0x080008f0        0x8 ./Application/User/Core/stm32g4xx_it.o
                0x080008f0                UsageFault_Handler
 .text.SVC_Handler
                0x080008f8        0xe ./Application/User/Core/stm32g4xx_it.o
                0x080008f8                SVC_Handler
 .text.DebugMon_Handler
                0x08000906        0xe ./Application/User/Core/stm32g4xx_it.o
                0x08000906                DebugMon_Handler
 .text.PendSV_Handler
                0x08000914        0xe ./Application/User/Core/stm32g4xx_it.o
                0x08000914                PendSV_Handler
 .text.SysTick_Handler
                0x08000922        0xc ./Application/User/Core/stm32g4xx_it.o
                0x08000922                SysTick_Handler
 *fill*         0x0800092e        0x2 
 .text.DMA1_Channel1_IRQHandler
                0x08000930       0x14 ./Application/User/Core/stm32g4xx_it.o
                0x08000930                DMA1_Channel1_IRQHandler
 .text.DMA1_Channel2_IRQHandler
                0x08000944       0x14 ./Application/User/Core/stm32g4xx_it.o
                0x08000944                DMA1_Channel2_IRQHandler
 .text.Reset_Handler
                0x08000958       0x50 ./Application/User/Startup/startup_stm32g474retx.o
                0x08000958                Reset_Handler
 .text.Default_Handler
                0x080009a8        0x2 ./Application/User/Startup/startup_stm32g474retx.o
                0x080009a8                TIM1_BRK_TIM15_IRQHandler
                0x080009a8                EXTI2_IRQHandler
                0x080009a8                TIM8_TRG_COM_IRQHandler
                0x080009a8                TIM8_CC_IRQHandler
                0x080009a8                HRTIM1_Master_IRQHandler
                0x080009a8                SPI4_IRQHandler
                0x080009a8                FDCAN3_IT0_IRQHandler
                0x080009a8                TIM1_CC_IRQHandler
                0x080009a8                HRTIM1_FLT_IRQHandler
                0x080009a8                HRTIM1_TIMF_IRQHandler
                0x080009a8                USB_HP_IRQHandler
                0x080009a8                CORDIC_IRQHandler
                0x080009a8                HRTIM1_TIMD_IRQHandler
                0x080009a8                DMA2_Channel8_IRQHandler
                0x080009a8                EXTI3_IRQHandler
                0x080009a8                I2C3_ER_IRQHandler
                0x080009a8                EXTI0_IRQHandler
                0x080009a8                I2C2_EV_IRQHandler
                0x080009a8                FPU_IRQHandler
                0x080009a8                FDCAN1_IT1_IRQHandler
                0x080009a8                TIM1_UP_TIM16_IRQHandler
                0x080009a8                ADC1_2_IRQHandler
                0x080009a8                HRTIM1_TIME_IRQHandler
                0x080009a8                SPI1_IRQHandler
                0x080009a8                TIM6_DAC_IRQHandler
                0x080009a8                HRTIM1_TIMC_IRQHandler
                0x080009a8                TIM8_UP_IRQHandler
                0x080009a8                DMA2_Channel2_IRQHandler
                0x080009a8                DMA1_Channel4_IRQHandler
                0x080009a8                TIM20_TRG_COM_IRQHandler
                0x080009a8                USART3_IRQHandler
                0x080009a8                DMA1_Channel7_IRQHandler
                0x080009a8                UART5_IRQHandler
                0x080009a8                ADC3_IRQHandler
                0x080009a8                TIM4_IRQHandler
                0x080009a8                DMA2_Channel1_IRQHandler
                0x080009a8                QUADSPI_IRQHandler
                0x080009a8                I2C1_EV_IRQHandler
                0x080009a8                DMA1_Channel6_IRQHandler
                0x080009a8                UART4_IRQHandler
                0x080009a8                DMA2_Channel4_IRQHandler
                0x080009a8                TIM3_IRQHandler
                0x080009a8                RCC_IRQHandler
                0x080009a8                TIM20_UP_IRQHandler
                0x080009a8                Default_Handler
                0x080009a8                DMA2_Channel7_IRQHandler
                0x080009a8                RTC_TAMP_LSECSS_IRQHandler
                0x080009a8                FMAC_IRQHandler
                0x080009a8                EXTI15_10_IRQHandler
                0x080009a8                DMA1_Channel8_IRQHandler
                0x080009a8                HRTIM1_TIMA_IRQHandler
                0x080009a8                TIM7_DAC_IRQHandler
                0x080009a8                FDCAN3_IT1_IRQHandler
                0x080009a8                TIM5_IRQHandler
                0x080009a8                UCPD1_IRQHandler
                0x080009a8                I2C3_EV_IRQHandler
                0x080009a8                EXTI9_5_IRQHandler
                0x080009a8                RTC_WKUP_IRQHandler
                0x080009a8                PVD_PVM_IRQHandler
                0x080009a8                SPI2_IRQHandler
                0x080009a8                ADC5_IRQHandler
                0x080009a8                DMA2_Channel5_IRQHandler
                0x080009a8                CRS_IRQHandler
                0x080009a8                DMA1_Channel5_IRQHandler
                0x080009a8                USB_LP_IRQHandler
                0x080009a8                EXTI4_IRQHandler
                0x080009a8                RNG_IRQHandler
                0x080009a8                HRTIM1_TIMB_IRQHandler
                0x080009a8                TIM1_TRG_COM_TIM17_IRQHandler
                0x080009a8                FDCAN2_IT1_IRQHandler
                0x080009a8                DMA1_Channel3_IRQHandler
                0x080009a8                ADC4_IRQHandler
                0x080009a8                WWDG_IRQHandler
                0x080009a8                I2C4_EV_IRQHandler
                0x080009a8                FDCAN2_IT0_IRQHandler
                0x080009a8                LPUART1_IRQHandler
                0x080009a8                DMA2_Channel6_IRQHandler
                0x080009a8                FDCAN1_IT0_IRQHandler
                0x080009a8                TIM2_IRQHandler
                0x080009a8                COMP7_IRQHandler
                0x080009a8                COMP1_2_3_IRQHandler
                0x080009a8                EXTI1_IRQHandler
                0x080009a8                USART2_IRQHandler
                0x080009a8                COMP4_5_6_IRQHandler
                0x080009a8                TIM20_BRK_IRQHandler
                0x080009a8                I2C2_ER_IRQHandler
                0x080009a8                TIM8_BRK_IRQHandler
                0x080009a8                FLASH_IRQHandler
                0x080009a8                TIM20_CC_IRQHandler
                0x080009a8                USART1_IRQHandler
                0x080009a8                SPI3_IRQHandler
                0x080009a8                I2C1_ER_IRQHandler
                0x080009a8                FMC_IRQHandler
                0x080009a8                LPTIM1_IRQHandler
                0x080009a8                DMAMUX_OVR_IRQHandler
                0x080009a8                I2C4_ER_IRQHandler
                0x080009a8                USBWakeUp_IRQHandler
                0x080009a8                SAI1_IRQHandler
                0x080009a8                DMA2_Channel3_IRQHandler
                0x080009a8                RTC_Alarm_IRQHandler
 *fill*         0x080009aa        0x2 
 .text.SystemInit
                0x080009ac       0x24 ./Drivers/CMSIS/system_stm32g4xx.o
                0x080009ac                SystemInit
 .text.HAL_Init
                0x080009d0       0x30 ./Drivers/STM32G4xx_HAL_Driver/stm32g4xx_hal.o
                0x080009d0                HAL_Init
 .text.HAL_InitTick
                0x08000a00       0x74 ./Drivers/STM32G4xx_HAL_Driver/stm32g4xx_hal.o
                0x08000a00                HAL_InitTick
 .text.HAL_IncTick
                0x08000a74       0x24 ./Drivers/STM32G4xx_HAL_Driver/stm32g4xx_hal.o
                0x08000a74                HAL_IncTick
 .text.HAL_GetTick
                0x08000a98       0x18 ./Drivers/STM32G4xx_HAL_Driver/stm32g4xx_hal.o
                0x08000a98                HAL_GetTick
 .text.__NVIC_SetPriorityGrouping
                0x08000ab0       0x48 ./Drivers/STM32G4xx_HAL_Driver/stm32g4xx_hal_cortex.o
 .text.__NVIC_GetPriorityGrouping
                0x08000af8       0x1c ./Drivers/STM32G4xx_HAL_Driver/stm32g4xx_hal_cortex.o
 .text.__NVIC_EnableIRQ
                0x08000b14       0x3c ./Drivers/STM32G4xx_HAL_Driver/stm32g4xx_hal_cortex.o
 .text.__NVIC_SetPriority
                0x08000b50       0x54 ./Drivers/STM32G4xx_HAL_Driver/stm32g4xx_hal_cortex.o
 .text.NVIC_EncodePriority
                0x08000ba4       0x66 ./Drivers/STM32G4xx_HAL_Driver/stm32g4xx_hal_cortex.o
 *fill*         0x08000c0a        0x2 
 .text.SysTick_Config
                0x08000c0c       0x44 ./Drivers/STM32G4xx_HAL_Driver/stm32g4xx_hal_cortex.o
 .text.HAL_NVIC_SetPriorityGrouping
                0x08000c50       0x16 ./Drivers/STM32G4xx_HAL_Driver/stm32g4xx_hal_cortex.o
                0x08000c50                HAL_NVIC_SetPriorityGrouping
 .text.HAL_NVIC_SetPriority
                0x08000c66       0x34 ./Drivers/STM32G4xx_HAL_Driver/stm32g4xx_hal_cortex.o
                0x08000c66                HAL_NVIC_SetPriority
 .text.HAL_NVIC_EnableIRQ
                0x08000c9a       0x1c ./Drivers/STM32G4xx_HAL_Driver/stm32g4xx_hal_cortex.o
                0x08000c9a                HAL_NVIC_EnableIRQ
 .text.HAL_SYSTICK_Config
                0x08000cb6       0x18 ./Drivers/STM32G4xx_HAL_Driver/stm32g4xx_hal_cortex.o
                0x08000cb6                HAL_SYSTICK_Config
 .text.HAL_DAC_Init
                0x08000cce       0x44 ./Drivers/STM32G4xx_HAL_Driver/stm32g4xx_hal_dac.o
                0x08000cce                HAL_DAC_Init
 *fill*         0x08000d12        0x2 
 .text.HAL_DAC_Start_DMA
                0x08000d14      0x1a8 ./Drivers/STM32G4xx_HAL_Driver/stm32g4xx_hal_dac.o
                0x08000d14                HAL_DAC_Start_DMA
 .text.HAL_DAC_ConvCpltCallbackCh1
                0x08000ebc       0x14 ./Drivers/STM32G4xx_HAL_Driver/stm32g4xx_hal_dac.o
                0x08000ebc                HAL_DAC_ConvCpltCallbackCh1
 .text.HAL_DAC_ConvHalfCpltCallbackCh1
                0x08000ed0       0x14 ./Drivers/STM32G4xx_HAL_Driver/stm32g4xx_hal_dac.o
                0x08000ed0                HAL_DAC_ConvHalfCpltCallbackCh1
 .text.HAL_DAC_ErrorCallbackCh1
                0x08000ee4       0x14 ./Drivers/STM32G4xx_HAL_Driver/stm32g4xx_hal_dac.o
                0x08000ee4                HAL_DAC_ErrorCallbackCh1
 .text.HAL_DAC_ConfigChannel
                0x08000ef8      0x374 ./Drivers/STM32G4xx_HAL_Driver/stm32g4xx_hal_dac.o
                0x08000ef8                HAL_DAC_ConfigChannel
 .text.DAC_DMAConvCpltCh1
                0x0800126c       0x22 ./Drivers/STM32G4xx_HAL_Driver/stm32g4xx_hal_dac.o
                0x0800126c                DAC_DMAConvCpltCh1
 .text.DAC_DMAHalfConvCpltCh1
                0x0800128e       0x1c ./Drivers/STM32G4xx_HAL_Driver/stm32g4xx_hal_dac.o
                0x0800128e                DAC_DMAHalfConvCpltCh1
 .text.DAC_DMAErrorCh1
                0x080012aa       0x2e ./Drivers/STM32G4xx_HAL_Driver/stm32g4xx_hal_dac.o
                0x080012aa                DAC_DMAErrorCh1
 .text.HAL_DACEx_ConvCpltCallbackCh2
                0x080012d8       0x14 ./Drivers/STM32G4xx_HAL_Driver/stm32g4xx_hal_dac_ex.o
                0x080012d8                HAL_DACEx_ConvCpltCallbackCh2
 .text.HAL_DACEx_ConvHalfCpltCallbackCh2
                0x080012ec       0x14 ./Drivers/STM32G4xx_HAL_Driver/stm32g4xx_hal_dac_ex.o
                0x080012ec                HAL_DACEx_ConvHalfCpltCallbackCh2
 .text.HAL_DACEx_ErrorCallbackCh2
                0x08001300       0x14 ./Drivers/STM32G4xx_HAL_Driver/stm32g4xx_hal_dac_ex.o
                0x08001300                HAL_DACEx_ErrorCallbackCh2
 .text.DAC_DMAConvCpltCh2
                0x08001314       0x22 ./Drivers/STM32G4xx_HAL_Driver/stm32g4xx_hal_dac_ex.o
                0x08001314                DAC_DMAConvCpltCh2
 .text.DAC_DMAHalfConvCpltCh2
                0x08001336       0x1c ./Drivers/STM32G4xx_HAL_Driver/stm32g4xx_hal_dac_ex.o
                0x08001336                DAC_DMAHalfConvCpltCh2
 .text.DAC_DMAErrorCh2
                0x08001352       0x2e ./Drivers/STM32G4xx_HAL_Driver/stm32g4xx_hal_dac_ex.o
                0x08001352                DAC_DMAErrorCh2
 .text.HAL_DMA_Init
                0x08001380      0x150 ./Drivers/STM32G4xx_HAL_Driver/stm32g4xx_hal_dma.o
                0x08001380                HAL_DMA_Init
 .text.HAL_DMA_Start_IT
                0x080014d0       0xf6 ./Drivers/STM32G4xx_HAL_Driver/stm32g4xx_hal_dma.o
                0x080014d0                HAL_DMA_Start_IT
 .text.HAL_DMA_IRQHandler
                0x080015c6      0x15e ./Drivers/STM32G4xx_HAL_Driver/stm32g4xx_hal_dma.o
                0x080015c6                HAL_DMA_IRQHandler
 .text.DMA_SetConfig
                0x08001724       0x7c ./Drivers/STM32G4xx_HAL_Driver/stm32g4xx_hal_dma.o
 .text.DMA_CalcDMAMUXChannelBaseAndMask
                0x080017a0       0x7c ./Drivers/STM32G4xx_HAL_Driver/stm32g4xx_hal_dma.o
 .text.DMA_CalcDMAMUXRequestGenBaseAndMask
                0x0800181c       0x48 ./Drivers/STM32G4xx_HAL_Driver/stm32g4xx_hal_dma.o
 .text.HAL_GPIO_Init
                0x08001864      0x304 ./Drivers/STM32G4xx_HAL_Driver/stm32g4xx_hal_gpio.o
                0x08001864                HAL_GPIO_Init
 .text.HAL_PWREx_ControlVoltageScaling
                0x08001b68      0x148 ./Drivers/STM32G4xx_HAL_Driver/stm32g4xx_hal_pwr_ex.o
                0x08001b68                HAL_PWREx_ControlVoltageScaling
 .text.HAL_PWREx_DisableUCPDDeadBattery
                0x08001cb0       0x20 ./Drivers/STM32G4xx_HAL_Driver/stm32g4xx_hal_pwr_ex.o
                0x08001cb0                HAL_PWREx_DisableUCPDDeadBattery
 .text.HAL_RCC_OscConfig
                0x08001cd0      0x624 ./Drivers/STM32G4xx_HAL_Driver/stm32g4xx_hal_rcc.o
                0x08001cd0                HAL_RCC_OscConfig
 .text.HAL_RCC_ClockConfig
                0x080022f4      0x278 ./Drivers/STM32G4xx_HAL_Driver/stm32g4xx_hal_rcc.o
                0x080022f4                HAL_RCC_ClockConfig
 .text.HAL_RCC_GetSysClockFreq
                0x0800256c       0xc4 ./Drivers/STM32G4xx_HAL_Driver/stm32g4xx_hal_rcc.o
                0x0800256c                HAL_RCC_GetSysClockFreq
 .text.HAL_RCC_GetHCLKFreq
                0x08002630       0x18 ./Drivers/STM32G4xx_HAL_Driver/stm32g4xx_hal_rcc.o
                0x08002630                HAL_RCC_GetHCLKFreq
 .text.RCC_GetSysClockFreqFromPLLSource
                0x08002648       0x8c ./Drivers/STM32G4xx_HAL_Driver/stm32g4xx_hal_rcc.o
 .text.HAL_TIM_Base_Init
                0x080026d4       0xae ./Drivers/STM32G4xx_HAL_Driver/stm32g4xx_hal_tim.o
                0x080026d4                HAL_TIM_Base_Init
 *fill*         0x08002782        0x2 
 .text.HAL_TIM_Base_Start
                0x08002784       0xe0 ./Drivers/STM32G4xx_HAL_Driver/stm32g4xx_hal_tim.o
                0x08002784                HAL_TIM_Base_Start
 .text.HAL_TIM_ConfigClockSource
                0x08002864      0x22c ./Drivers/STM32G4xx_HAL_Driver/stm32g4xx_hal_tim.o
                0x08002864                HAL_TIM_ConfigClockSource
 .text.TIM_Base_SetConfig
                0x08002a90      0x168 ./Drivers/STM32G4xx_HAL_Driver/stm32g4xx_hal_tim.o
                0x08002a90                TIM_Base_SetConfig
 .text.TIM_TI1_ConfigInputStage
                0x08002bf8       0x5e ./Drivers/STM32G4xx_HAL_Driver/stm32g4xx_hal_tim.o
 .text.TIM_TI2_ConfigInputStage
                0x08002c56       0x60 ./Drivers/STM32G4xx_HAL_Driver/stm32g4xx_hal_tim.o
 .text.TIM_ITRx_SetConfig
                0x08002cb6       0x3a ./Drivers/STM32G4xx_HAL_Driver/stm32g4xx_hal_tim.o
 .text.TIM_ETR_SetConfig
                0x08002cf0       0x40 ./Drivers/STM32G4xx_HAL_Driver/stm32g4xx_hal_tim.o
                0x08002cf0                TIM_ETR_SetConfig
 .text.HAL_TIMEx_MasterConfigSynchronization
                0x08002d30      0x12c ./Drivers/STM32G4xx_HAL_Driver/stm32g4xx_hal_tim_ex.o
                0x08002d30                HAL_TIMEx_MasterConfigSynchronization
 .text.arm_biquad_cascade_df1_init_f32
                0x08002e5c       0x18 ../../Middlewares/ST/ARM/DSP/Lib/libarm_cortexM4lf_math.a(arm_biquad_cascade_df1_init_f32.o)
                0x08002e5c                arm_biquad_cascade_df1_init_f32
 .text.arm_biquad_cascade_df1_f32
                0x08002e74      0x1f4 ../../Middlewares/ST/ARM/DSP/Lib/libarm_cortexM4lf_math.a(arm_biquad_cascade_df1_f32.o)
                0x08002e74                arm_biquad_cascade_df1_f32
 .text.memset   0x08003068       0x10 /Applications/STM32CubeIDE.app/Contents/Eclipse/plugins/com.st.stm32cube.ide.mcu.externaltools.gnu-tools-for-stm32.12.3.rel1.macos64_1.0.200.202406191456/tools/bin/../lib/gcc/arm-none-eabi/12.3.1/../../../../arm-none-eabi/lib/thumb/v7e-m+fp/hard/libc_nano.a(libc_a-memset.o)
                0x08003068                memset
 .text.__libc_init_array
                0x08003078       0x48 /Applications/STM32CubeIDE.app/Contents/Eclipse/plugins/com.st.stm32cube.ide.mcu.externaltools.gnu-tools-for-stm32.12.3.rel1.macos64_1.0.200.202406191456/tools/bin/../lib/gcc/arm-none-eabi/12.3.1/../../../../arm-none-eabi/lib/thumb/v7e-m+fp/hard/libc_nano.a(libc_a-init.o)
                0x08003078                __libc_init_array
 *(.glue_7)
 .glue_7        0x080030c0        0x0 linker stubs
 *(.glue_7t)
 .glue_7t       0x080030c0        0x0 linker stubs
 *(.eh_frame)
 .eh_frame      0x080030c0        0x0 /Applications/STM32CubeIDE.app/Contents/Eclipse/plugins/com.st.stm32cube.ide.mcu.externaltools.gnu-tools-for-stm32.12.3.rel1.macos64_1.0.200.202406191456/tools/bin/../lib/gcc/arm-none-eabi/12.3.1/thumb/v7e-m+fp/hard/crtbegin.o
 *(.init)
 .init          0x080030c0        0x4 /Applications/STM32CubeIDE.app/Contents/Eclipse/plugins/com.st.stm32cube.ide.mcu.externaltools.gnu-tools-for-stm32.12.3.rel1.macos64_1.0.200.202406191456/tools/bin/../lib/gcc/arm-none-eabi/12.3.1/thumb/v7e-m+fp/hard/crti.o
                0x080030c0                _init
 .init          0x080030c4        0x8 /Applications/STM32CubeIDE.app/Contents/Eclipse/plugins/com.st.stm32cube.ide.mcu.externaltools.gnu-tools-for-stm32.12.3.rel1.macos64_1.0.200.202406191456/tools/bin/../lib/gcc/arm-none-eabi/12.3.1/thumb/v7e-m+fp/hard/crtn.o
 *(.fini)
 .fini          0x080030cc        0x4 /Applications/STM32CubeIDE.app/Contents/Eclipse/plugins/com.st.stm32cube.ide.mcu.externaltools.gnu-tools-for-stm32.12.3.rel1.macos64_1.0.200.202406191456/tools/bin/../lib/gcc/arm-none-eabi/12.3.1/thumb/v7e-m+fp/hard/crti.o
                0x080030cc                _fini
 .fini          0x080030d0        0x8 /Applications/STM32CubeIDE.app/Contents/Eclipse/plugins/com.st.stm32cube.ide.mcu.externaltools.gnu-tools-for-stm32.12.3.rel1.macos64_1.0.200.202406191456/tools/bin/../lib/gcc/arm-none-eabi/12.3.1/thumb/v7e-m+fp/hard/crtn.o
                0x080030d8                        . = ALIGN (0x4)
                0x080030d8                        _etext = .

.vfp11_veneer   0x080030d8        0x0
 .vfp11_veneer  0x080030d8        0x0 linker stubs

.v4_bx          0x080030d8        0x0
 .v4_bx         0x080030d8        0x0 linker stubs

.iplt           0x080030d8        0x0
 .iplt          0x080030d8        0x0 /Applications/STM32CubeIDE.app/Contents/Eclipse/plugins/com.st.stm32cube.ide.mcu.externaltools.gnu-tools-for-stm32.12.3.rel1.macos64_1.0.200.202406191456/tools/bin/../lib/gcc/arm-none-eabi/12.3.1/thumb/v7e-m+fp/hard/crtbegin.o

.rodata         0x080030d8       0x10
                0x080030d8                        . = ALIGN (0x4)
 *(.rodata)
 *(.rodata*)
 .rodata.AHBPrescTable
                0x080030d8       0x10 ./Drivers/CMSIS/system_stm32g4xx.o
                0x080030d8                AHBPrescTable
                0x080030e8                        . = ALIGN (0x4)

.ARM.extab      0x080030e8        0x0
                0x080030e8                        . = ALIGN (0x4)
 *(.ARM.extab* .gnu.linkonce.armextab.*)
                0x080030e8                        . = ALIGN (0x4)

.ARM            0x080030e8        0x0
                0x080030e8                        . = ALIGN (0x4)
                0x080030e8                        __exidx_start = .
 *(.ARM.exidx*)
                0x080030e8                        __exidx_end = .
                0x080030e8                        . = ALIGN (0x4)

.preinit_array  0x080030e8        0x0
                0x080030e8                        . = ALIGN (0x4)
                0x080030e8                        PROVIDE (__preinit_array_start = .)
 *(.preinit_array*)
                0x080030e8                        PROVIDE (__preinit_array_end = .)
                0x080030e8                        . = ALIGN (0x4)

.init_array     0x080030e8        0x4
                0x080030e8                        . = ALIGN (0x4)
                0x080030e8                        PROVIDE (__init_array_start = .)
 *(SORT_BY_NAME(.init_array.*))
 *(.init_array*)
 .init_array    0x080030e8        0x4 /Applications/STM32CubeIDE.app/Contents/Eclipse/plugins/com.st.stm32cube.ide.mcu.externaltools.gnu-tools-for-stm32.12.3.rel1.macos64_1.0.200.202406191456/tools/bin/../lib/gcc/arm-none-eabi/12.3.1/thumb/v7e-m+fp/hard/crtbegin.o
                0x080030ec                        PROVIDE (__init_array_end = .)
                0x080030ec                        . = ALIGN (0x4)

.fini_array     0x080030ec        0x4
                0x080030ec                        . = ALIGN (0x4)
                [!provide]                        PROVIDE (__fini_array_start = .)
 *(SORT_BY_NAME(.fini_array.*))
 *(.fini_array*)
 .fini_array    0x080030ec        0x4 /Applications/STM32CubeIDE.app/Contents/Eclipse/plugins/com.st.stm32cube.ide.mcu.externaltools.gnu-tools-for-stm32.12.3.rel1.macos64_1.0.200.202406191456/tools/bin/../lib/gcc/arm-none-eabi/12.3.1/thumb/v7e-m+fp/hard/crtbegin.o
                [!provide]                        PROVIDE (__fini_array_end = .)
                0x080030f0                        . = ALIGN (0x4)
                0x080030f0                        _sidata = LOADADDR (.data)

.rel.dyn        0x080030f0        0x0
 .rel.iplt      0x080030f0        0x0 /Applications/STM32CubeIDE.app/Contents/Eclipse/plugins/com.st.stm32cube.ide.mcu.externaltools.gnu-tools-for-stm32.12.3.rel1.macos64_1.0.200.202406191456/tools/bin/../lib/gcc/arm-none-eabi/12.3.1/thumb/v7e-m+fp/hard/crtbegin.o

.data           0x20000000      0x234 load address 0x080030f0
                0x20000000                        . = ALIGN (0x4)
                0x20000000                        _sdata = .
 *(.data)
 *(.data*)
 .data.noisy_ecg
                0x20000000      0x200 ./Application/User/Core/main.o
                0x20000000                noisy_ecg
 .data.coeffs   0x20000200       0x28 ./Application/User/Core/main.o
 .data.SystemCoreClock
                0x20000228        0x4 ./Drivers/CMSIS/system_stm32g4xx.o
                0x20000228                SystemCoreClock
 .data.uwTickPrio
                0x2000022c        0x4 ./Drivers/STM32G4xx_HAL_Driver/stm32g4xx_hal.o
                0x2000022c                uwTickPrio
 .data.uwTickFreq
                0x20000230        0x4 ./Drivers/STM32G4xx_HAL_Driver/stm32g4xx_hal.o
                0x20000230                uwTickFreq
 *(.RamFunc)
 *(.RamFunc*)
                0x20000234                        . = ALIGN (0x4)
                0x20000234                        _edata = .

.igot.plt       0x20000234        0x0 load address 0x08003324
 .igot.plt      0x20000234        0x0 /Applications/STM32CubeIDE.app/Contents/Eclipse/plugins/com.st.stm32cube.ide.mcu.externaltools.gnu-tools-for-stm32.12.3.rel1.macos64_1.0.200.202406191456/tools/bin/../lib/gcc/arm-none-eabi/12.3.1/thumb/v7e-m+fp/hard/crtbegin.o
                0x20000234                        . = ALIGN (0x4)

.bss            0x20000234      0x1a0 load address 0x08003324
                0x20000234                        _sbss = .
                0x20000234                        __bss_start__ = _sbss
 *(.bss)
 .bss           0x20000234       0x1c /Applications/STM32CubeIDE.app/Contents/Eclipse/plugins/com.st.stm32cube.ide.mcu.externaltools.gnu-tools-for-stm32.12.3.rel1.macos64_1.0.200.202406191456/tools/bin/../lib/gcc/arm-none-eabi/12.3.1/thumb/v7e-m+fp/hard/crtbegin.o
 *(.bss*)
 .bss.state     0x20000250       0x40 ./Application/User/Core/main.o
 .bss.filter    0x20000290        0xc ./Application/User/Core/main.o
                0x20000290                filter
 .bss.hdac1     0x2000029c       0x14 ./Application/User/Core/main.o
                0x2000029c                hdac1
 .bss.hdac2     0x200002b0       0x14 ./Application/User/Core/main.o
                0x200002b0                hdac2
 .bss.hdma_dac1_ch1
                0x200002c4       0x60 ./Application/User/Core/main.o
                0x200002c4                hdma_dac1_ch1
 .bss.hdma_dac2_ch1
                0x20000324       0x60 ./Application/User/Core/main.o
                0x20000324                hdma_dac2_ch1
 .bss.htim2     0x20000384       0x4c ./Application/User/Core/main.o
                0x20000384                htim2
 .bss.uwTick    0x200003d0        0x4 ./Drivers/STM32G4xx_HAL_Driver/stm32g4xx_hal.o
                0x200003d0                uwTick
 *(COMMON)
                0x200003d4                        . = ALIGN (0x4)
                0x200003d4                        _ebss = .
                0x200003d4                        __bss_end__ = _ebss

._user_heap_stack
                0x200003d4      0x604 load address 0x08003324
                0x200003d8                        . = ALIGN (0x8)
 *fill*         0x200003d4        0x4 
                [!provide]                        PROVIDE (end = .)
                0x200003d8                        PROVIDE (_end = .)
                0x200005d8                        . = (. + _Min_Heap_Size)
 *fill*         0x200003d8      0x200 
                0x200009d8                        . = (. + _Min_Stack_Size)
 *fill*         0x200005d8      0x400 
                0x200009d8                        . = ALIGN (0x8)

/DISCARD/
 libc.a(*)
 libm.a(*)
 libgcc.a(*)

.ARM.attributes
                0x00000000       0x30
 *(.ARM.attributes)
 .ARM.attributes
                0x00000000       0x22 /Applications/STM32CubeIDE.app/Contents/Eclipse/plugins/com.st.stm32cube.ide.mcu.externaltools.gnu-tools-for-stm32.12.3.rel1.macos64_1.0.200.202406191456/tools/bin/../lib/gcc/arm-none-eabi/12.3.1/thumb/v7e-m+fp/hard/crti.o
 .ARM.attributes
                0x00000022       0x34 /Applications/STM32CubeIDE.app/Contents/Eclipse/plugins/com.st.stm32cube.ide.mcu.externaltools.gnu-tools-for-stm32.12.3.rel1.macos64_1.0.200.202406191456/tools/bin/../lib/gcc/arm-none-eabi/12.3.1/thumb/v7e-m+fp/hard/crtbegin.o
 .ARM.attributes
                0x00000056       0x34 ./Application/User/Core/main.o
 .ARM.attributes
                0x0000008a       0x34 ./Application/User/Core/stm32g4xx_hal_msp.o
 .ARM.attributes
                0x000000be       0x34 ./Application/User/Core/stm32g4xx_it.o
 .ARM.attributes
                0x000000f2       0x21 ./Application/User/Startup/startup_stm32g474retx.o
 .ARM.attributes
                0x00000113       0x34 ./Drivers/CMSIS/system_stm32g4xx.o
 .ARM.attributes
                0x00000147       0x34 ./Drivers/STM32G4xx_HAL_Driver/stm32g4xx_hal.o
 .ARM.attributes
                0x0000017b       0x34 ./Drivers/STM32G4xx_HAL_Driver/stm32g4xx_hal_cortex.o
 .ARM.attributes
                0x000001af       0x34 ./Drivers/STM32G4xx_HAL_Driver/stm32g4xx_hal_dac.o
 .ARM.attributes
                0x000001e3       0x34 ./Drivers/STM32G4xx_HAL_Driver/stm32g4xx_hal_dac_ex.o
 .ARM.attributes
                0x00000217       0x34 ./Drivers/STM32G4xx_HAL_Driver/stm32g4xx_hal_dma.o
 .ARM.attributes
                0x0000024b       0x34 ./Drivers/STM32G4xx_HAL_Driver/stm32g4xx_hal_gpio.o
 .ARM.attributes
                0x0000027f       0x34 ./Drivers/STM32G4xx_HAL_Driver/stm32g4xx_hal_pwr_ex.o
 .ARM.attributes
                0x000002b3       0x34 ./Drivers/STM32G4xx_HAL_Driver/stm32g4xx_hal_rcc.o
 .ARM.attributes
                0x000002e7       0x34 ./Drivers/STM32G4xx_HAL_Driver/stm32g4xx_hal_tim.o
 .ARM.attributes
                0x0000031b       0x34 ./Drivers/STM32G4xx_HAL_Driver/stm32g4xx_hal_tim_ex.o
 .ARM.attributes
                0x0000034f       0x34 ../../Middlewares/ST/ARM/DSP/Lib/libarm_cortexM4lf_math.a(arm_biquad_cascade_df1_init_f32.o)
 .ARM.attributes
                0x00000383       0x34 ../../Middlewares/ST/ARM/DSP/Lib/libarm_cortexM4lf_math.a(arm_biquad_cascade_df1_f32.o)
 .ARM.attributes
                0x000003b7       0x34 /Applications/STM32CubeIDE.app/Contents/Eclipse/plugins/com.st.stm32cube.ide.mcu.externaltools.gnu-tools-for-stm32.12.3.rel1.macos64_1.0.200.202406191456/tools/bin/../lib/gcc/arm-none-eabi/12.3.1/../../../../arm-none-eabi/lib/thumb/v7e-m+fp/hard/libc_nano.a(libc_a-memset.o)
 .ARM.attributes
                0x000003eb       0x34 /Applications/STM32CubeIDE.app/Contents/Eclipse/plugins/com.st.stm32cube.ide.mcu.externaltools.gnu-tools-for-stm32.12.3.rel1.macos64_1.0.200.202406191456/tools/bin/../lib/gcc/arm-none-eabi/12.3.1/../../../../arm-none-eabi/lib/thumb/v7e-m+fp/hard/libc_nano.a(libc_a-init.o)
 .ARM.attributes
                0x0000041f       0x22 /Applications/STM32CubeIDE.app/Contents/Eclipse/plugins/com.st.stm32cube.ide.mcu.externaltools.gnu-tools-for-stm32.12.3.rel1.macos64_1.0.200.202406191456/tools/bin/../lib/gcc/arm-none-eabi/12.3.1/thumb/v7e-m+fp/hard/crtn.o
OUTPUT(dac_dca_sine_wave_gen.elf elf32-littlearm)
LOAD linker stubs
LOAD /Applications/STM32CubeIDE.app/Contents/Eclipse/plugins/com.st.stm32cube.ide.mcu.externaltools.gnu-tools-for-stm32.12.3.rel1.macos64_1.0.200.202406191456/tools/bin/../lib/gcc/arm-none-eabi/12.3.1/../../../../arm-none-eabi/lib/thumb/v7e-m+fp/hard/libc.a
LOAD /Applications/STM32CubeIDE.app/Contents/Eclipse/plugins/com.st.stm32cube.ide.mcu.externaltools.gnu-tools-for-stm32.12.3.rel1.macos64_1.0.200.202406191456/tools/bin/../lib/gcc/arm-none-eabi/12.3.1/../../../../arm-none-eabi/lib/thumb/v7e-m+fp/hard/libm.a
LOAD /Applications/STM32CubeIDE.app/Contents/Eclipse/plugins/com.st.stm32cube.ide.mcu.externaltools.gnu-tools-for-stm32.12.3.rel1.macos64_1.0.200.202406191456/tools/bin/../lib/gcc/arm-none-eabi/12.3.1/thumb/v7e-m+fp/hard/libgcc.a

.debug_info     0x00000000     0xeb7e
 .debug_info    0x00000000     0x176a ./Application/User/Core/main.o
 .debug_info    0x0000176a      0xf42 ./Application/User/Core/stm32g4xx_hal_msp.o
 .debug_info    0x000026ac      0x48a ./Application/User/Core/stm32g4xx_it.o
 .debug_info    0x00002b36       0x30 ./Application/User/Startup/startup_stm32g474retx.o
 .debug_info    0x00002b66      0x58e ./Drivers/CMSIS/system_stm32g4xx.o
 .debug_info    0x000030f4      0xb95 ./Drivers/STM32G4xx_HAL_Driver/stm32g4xx_hal.o
 .debug_info    0x00003c89      0xdf9 ./Drivers/STM32G4xx_HAL_Driver/stm32g4xx_hal_cortex.o
 .debug_info    0x00004a82      0xcbc ./Drivers/STM32G4xx_HAL_Driver/stm32g4xx_hal_dac.o
 .debug_info    0x0000573e      0xd74 ./Drivers/STM32G4xx_HAL_Driver/stm32g4xx_hal_dac_ex.o
 .debug_info    0x000064b2      0x85f ./Drivers/STM32G4xx_HAL_Driver/stm32g4xx_hal_dma.o
 .debug_info    0x00006d11      0x763 ./Drivers/STM32G4xx_HAL_Driver/stm32g4xx_hal_gpio.o
 .debug_info    0x00007474      0x93f ./Drivers/STM32G4xx_HAL_Driver/stm32g4xx_hal_pwr_ex.o
 .debug_info    0x00007db3      0xbe0 ./Drivers/STM32G4xx_HAL_Driver/stm32g4xx_hal_rcc.o
 .debug_info    0x00008993     0x2c52 ./Drivers/STM32G4xx_HAL_Driver/stm32g4xx_hal_tim.o
 .debug_info    0x0000b5e5     0x1d95 ./Drivers/STM32G4xx_HAL_Driver/stm32g4xx_hal_tim_ex.o
 .debug_info    0x0000d37a      0xb6b ../../Middlewares/ST/ARM/DSP/Lib/libarm_cortexM4lf_math.a(arm_biquad_cascade_df1_init_f32.o)
 .debug_info    0x0000dee5      0xc99 ../../Middlewares/ST/ARM/DSP/Lib/libarm_cortexM4lf_math.a(arm_biquad_cascade_df1_f32.o)

.debug_abbrev   0x00000000     0x2485
 .debug_abbrev  0x00000000      0x2e8 ./Application/User/Core/main.o
 .debug_abbrev  0x000002e8      0x281 ./Application/User/Core/stm32g4xx_hal_msp.o
 .debug_abbrev  0x00000569      0x16c ./Application/User/Core/stm32g4xx_it.o
 .debug_abbrev  0x000006d5       0x24 ./Application/User/Startup/startup_stm32g474retx.o
 .debug_abbrev  0x000006f9      0x11a ./Drivers/CMSIS/system_stm32g4xx.o
 .debug_abbrev  0x00000813      0x271 ./Drivers/STM32G4xx_HAL_Driver/stm32g4xx_hal.o
 .debug_abbrev  0x00000a84      0x31c ./Drivers/STM32G4xx_HAL_Driver/stm32g4xx_hal_cortex.o
 .debug_abbrev  0x00000da0      0x231 ./Drivers/STM32G4xx_HAL_Driver/stm32g4xx_hal_dac.o
 .debug_abbrev  0x00000fd1      0x27b ./Drivers/STM32G4xx_HAL_Driver/stm32g4xx_hal_dac_ex.o
 .debug_abbrev  0x0000124c      0x1e2 ./Drivers/STM32G4xx_HAL_Driver/stm32g4xx_hal_dma.o
 .debug_abbrev  0x0000142e      0x1cb ./Drivers/STM32G4xx_HAL_Driver/stm32g4xx_hal_gpio.o
 .debug_abbrev  0x000015f9      0x22c ./Drivers/STM32G4xx_HAL_Driver/stm32g4xx_hal_pwr_ex.o
 .debug_abbrev  0x00001825      0x2c9 ./Drivers/STM32G4xx_HAL_Driver/stm32g4xx_hal_rcc.o
 .debug_abbrev  0x00001aee      0x2a7 ./Drivers/STM32G4xx_HAL_Driver/stm32g4xx_hal_tim.o
 .debug_abbrev  0x00001d95      0x2c5 ./Drivers/STM32G4xx_HAL_Driver/stm32g4xx_hal_tim_ex.o
 .debug_abbrev  0x0000205a      0x216 ../../Middlewares/ST/ARM/DSP/Lib/libarm_cortexM4lf_math.a(arm_biquad_cascade_df1_init_f32.o)
 .debug_abbrev  0x00002270      0x215 ../../Middlewares/ST/ARM/DSP/Lib/libarm_cortexM4lf_math.a(arm_biquad_cascade_df1_f32.o)

.debug_aranges  0x00000000      0xe78
 .debug_aranges
                0x00000000       0x68 ./Application/User/Core/main.o
 .debug_aranges
                0x00000068       0x40 ./Application/User/Core/stm32g4xx_hal_msp.o
 .debug_aranges
                0x000000a8       0x70 ./Application/User/Core/stm32g4xx_it.o
 .debug_aranges
                0x00000118       0x28 ./Application/User/Startup/startup_stm32g474retx.o
 .debug_aranges
                0x00000140       0x28 ./Drivers/CMSIS/system_stm32g4xx.o
 .debug_aranges
                0x00000168      0x148 ./Drivers/STM32G4xx_HAL_Driver/stm32g4xx_hal.o
 .debug_aranges
                0x000002b0      0x128 ./Drivers/STM32G4xx_HAL_Driver/stm32g4xx_hal_cortex.o
 .debug_aranges
                0x000003d8       0xc0 ./Drivers/STM32G4xx_HAL_Driver/stm32g4xx_hal_dac.o
 .debug_aranges
                0x00000498       0xc0 ./Drivers/STM32G4xx_HAL_Driver/stm32g4xx_hal_dac_ex.o
 .debug_aranges
                0x00000558       0x90 ./Drivers/STM32G4xx_HAL_Driver/stm32g4xx_hal_dma.o
 .debug_aranges
                0x000005e8       0x58 ./Drivers/STM32G4xx_HAL_Driver/stm32g4xx_hal_gpio.o
 .debug_aranges
                0x00000640      0x140 ./Drivers/STM32G4xx_HAL_Driver/stm32g4xx_hal_pwr_ex.o
 .debug_aranges
                0x00000780       0x98 ./Drivers/STM32G4xx_HAL_Driver/stm32g4xx_hal_rcc.o
 .debug_aranges
                0x00000818      0x3e0 ./Drivers/STM32G4xx_HAL_Driver/stm32g4xx_hal_tim.o
 .debug_aranges
                0x00000bf8      0x240 ./Drivers/STM32G4xx_HAL_Driver/stm32g4xx_hal_tim_ex.o
 .debug_aranges
                0x00000e38       0x20 ../../Middlewares/ST/ARM/DSP/Lib/libarm_cortexM4lf_math.a(arm_biquad_cascade_df1_init_f32.o)
 .debug_aranges
                0x00000e58       0x20 ../../Middlewares/ST/ARM/DSP/Lib/libarm_cortexM4lf_math.a(arm_biquad_cascade_df1_f32.o)

.debug_rnglists
                0x00000000      0xaf1
 .debug_rnglists
                0x00000000       0x4c ./Application/User/Core/main.o
 .debug_rnglists
                0x0000004c       0x2c ./Application/User/Core/stm32g4xx_hal_msp.o
 .debug_rnglists
                0x00000078       0x4f ./Application/User/Core/stm32g4xx_it.o
 .debug_rnglists
                0x000000c7       0x19 ./Application/User/Startup/startup_stm32g474retx.o
 .debug_rnglists
                0x000000e0       0x1a ./Drivers/CMSIS/system_stm32g4xx.o
 .debug_rnglists
                0x000000fa       0xf1 ./Drivers/STM32G4xx_HAL_Driver/stm32g4xx_hal.o
 .debug_rnglists
                0x000001eb       0xda ./Drivers/STM32G4xx_HAL_Driver/stm32g4xx_hal_cortex.o
 .debug_rnglists
                0x000002c5       0x90 ./Drivers/STM32G4xx_HAL_Driver/stm32g4xx_hal_dac.o
 .debug_rnglists
                0x00000355       0x93 ./Drivers/STM32G4xx_HAL_Driver/stm32g4xx_hal_dac_ex.o
 .debug_rnglists
                0x000003e8       0x71 ./Drivers/STM32G4xx_HAL_Driver/stm32g4xx_hal_dma.o
 .debug_rnglists
                0x00000459       0x3f ./Drivers/STM32G4xx_HAL_Driver/stm32g4xx_hal_gpio.o
 .debug_rnglists
                0x00000498       0xf1 ./Drivers/STM32G4xx_HAL_Driver/stm32g4xx_hal_pwr_ex.o
 .debug_rnglists
                0x00000589       0x74 ./Drivers/STM32G4xx_HAL_Driver/stm32g4xx_hal_rcc.o
 .debug_rnglists
                0x000005fd      0x328 ./Drivers/STM32G4xx_HAL_Driver/stm32g4xx_hal_tim.o
 .debug_rnglists
                0x00000925      0x1cc ./Drivers/STM32G4xx_HAL_Driver/stm32g4xx_hal_tim_ex.o

.debug_macro    0x00000000    0x26258
 .debug_macro   0x00000000      0x329 ./Application/User/Core/main.o
 .debug_macro   0x00000329      0xaba ./Application/User/Core/main.o
 .debug_macro   0x00000de3       0x22 ./Application/User/Core/main.o
 .debug_macro   0x00000e05       0x8e ./Application/User/Core/main.o
 .debug_macro   0x00000e93       0x51 ./Application/User/Core/main.o
 .debug_macro   0x00000ee4      0x103 ./Application/User/Core/main.o
 .debug_macro   0x00000fe7       0x6a ./Application/User/Core/main.o
 .debug_macro   0x00001051      0x1df ./Application/User/Core/main.o
 .debug_macro   0x00001230       0xfb ./Application/User/Core/main.o
 .debug_macro   0x0000132b       0x61 ./Application/User/Core/main.o
 .debug_macro   0x0000138c       0x2a ./Application/User/Core/main.o
 .debug_macro   0x000013b6       0x43 ./Application/User/Core/main.o
 .debug_macro   0x000013f9       0x34 ./Application/User/Core/main.o
 .debug_macro   0x0000142d      0x189 ./Application/User/Core/main.o
 .debug_macro   0x000015b6       0x16 ./Application/User/Core/main.o
 .debug_macro   0x000015cc       0x43 ./Application/User/Core/main.o
 .debug_macro   0x0000160f       0x34 ./Application/User/Core/main.o
 .debug_macro   0x00001643       0x10 ./Application/User/Core/main.o
 .debug_macro   0x00001653       0x58 ./Application/User/Core/main.o
 .debug_macro   0x000016ab       0x8e ./Application/User/Core/main.o
 .debug_macro   0x00001739       0x1c ./Application/User/Core/main.o
 .debug_macro   0x00001755      0x177 ./Application/User/Core/main.o
 .debug_macro   0x000018cc      0x369 ./Application/User/Core/main.o
 .debug_macro   0x00001c35       0x10 ./Application/User/Core/main.o
 .debug_macro   0x00001c45       0x35 ./Application/User/Core/main.o
 .debug_macro   0x00001c7a       0x20 ./Application/User/Core/main.o
 .debug_macro   0x00001c9a      0x19b ./Application/User/Core/main.o
 .debug_macro   0x00001e35      0x201 ./Application/User/Core/main.o
 .debug_macro   0x00002036       0x7c ./Application/User/Core/main.o
 .debug_macro   0x000020b2       0x17 ./Application/User/Core/main.o
 .debug_macro   0x000020c9      0x118 ./Application/User/Core/main.o
 .debug_macro   0x000021e1      0x169 ./Application/User/Core/main.o
 .debug_macro   0x0000234a      0x15b ./Application/User/Core/main.o
 .debug_macro   0x000024a5       0x2e ./Application/User/Core/main.o
 .debug_macro   0x000024d3       0x28 ./Application/User/Core/main.o
 .debug_macro   0x000024fb       0x1c ./Application/User/Core/main.o
 .debug_macro   0x00002517       0x22 ./Application/User/Core/main.o
 .debug_macro   0x00002539     0x1011 ./Application/User/Core/main.o
 .debug_macro   0x0000354a      0x11f ./Application/User/Core/main.o
 .debug_macro   0x00003669    0x18b8c ./Application/User/Core/main.o
 .debug_macro   0x0001c1f5       0x6d ./Application/User/Core/main.o
 .debug_macro   0x0001c262     0x3558 ./Application/User/Core/main.o
 .debug_macro   0x0001f7ba       0x56 ./Application/User/Core/main.o
 .debug_macro   0x0001f810     0x171f ./Application/User/Core/main.o
 .debug_macro   0x00020f2f      0x600 ./Application/User/Core/main.o
 .debug_macro   0x0002152f      0x1b6 ./Application/User/Core/main.o
 .debug_macro   0x000216e5      0x34a ./Application/User/Core/main.o
 .debug_macro   0x00021a2f      0x53c ./Application/User/Core/main.o
 .debug_macro   0x00021f6b      0x18b ./Application/User/Core/main.o
 .debug_macro   0x000220f6       0x43 ./Application/User/Core/main.o
 .debug_macro   0x00022139      0x23d ./Application/User/Core/main.o
 .debug_macro   0x00022376      0x209 ./Application/User/Core/main.o
 .debug_macro   0x0002257f      0x107 ./Application/User/Core/main.o
 .debug_macro   0x00022686      0x211 ./Application/User/Core/main.o
 .debug_macro   0x00022897      0x45c ./Application/User/Core/main.o
 .debug_macro   0x00022cf3      0x11c ./Application/User/Core/main.o
 .debug_macro   0x00022e0f      0x122 ./Application/User/Core/main.o
 .debug_macro   0x00022f31      0x3d1 ./Application/User/Core/main.o
 .debug_macro   0x00023302      0xc0b ./Application/User/Core/main.o
 .debug_macro   0x00023f0d      0x718 ./Application/User/Core/main.o
 .debug_macro   0x00024625      0x358 ./Application/User/Core/main.o
 .debug_macro   0x0002497d      0x1d8 ./Application/User/Core/stm32g4xx_hal_msp.o
 .debug_macro   0x00024b55       0x5c ./Application/User/Core/stm32g4xx_hal_msp.o
 .debug_macro   0x00024bb1      0x1e2 ./Application/User/Core/stm32g4xx_it.o
 .debug_macro   0x00024d93      0x1ce ./Drivers/CMSIS/system_stm32g4xx.o
 .debug_macro   0x00024f61      0x21c ./Drivers/STM32G4xx_HAL_Driver/stm32g4xx_hal.o
 .debug_macro   0x0002517d      0x1ce ./Drivers/STM32G4xx_HAL_Driver/stm32g4xx_hal_cortex.o
 .debug_macro   0x0002534b      0x1e4 ./Drivers/STM32G4xx_HAL_Driver/stm32g4xx_hal_dac.o
 .debug_macro   0x0002552f      0x1d4 ./Drivers/STM32G4xx_HAL_Driver/stm32g4xx_hal_dac_ex.o
 .debug_macro   0x00025703      0x1ce ./Drivers/STM32G4xx_HAL_Driver/stm32g4xx_hal_dma.o
 .debug_macro   0x000258d1      0x1d5 ./Drivers/STM32G4xx_HAL_Driver/stm32g4xx_hal_gpio.o
 .debug_macro   0x00025aa6      0x1f8 ./Drivers/STM32G4xx_HAL_Driver/stm32g4xx_hal_pwr_ex.o
 .debug_macro   0x00025c9e      0x210 ./Drivers/STM32G4xx_HAL_Driver/stm32g4xx_hal_rcc.o
 .debug_macro   0x00025eae      0x1d6 ./Drivers/STM32G4xx_HAL_Driver/stm32g4xx_hal_tim.o
 .debug_macro   0x00026084      0x1d4 ./Drivers/STM32G4xx_HAL_Driver/stm32g4xx_hal_tim_ex.o

.debug_line     0x00000000     0xf79c
 .debug_line    0x00000000      0xc3c ./Application/User/Core/main.o
 .debug_line    0x00000c3c      0x854 ./Application/User/Core/stm32g4xx_hal_msp.o
 .debug_line    0x00001490      0x84e ./Application/User/Core/stm32g4xx_it.o
 .debug_line    0x00001cde       0x7b ./Application/User/Startup/startup_stm32g474retx.o
 .debug_line    0x00001d59      0x7c8 ./Drivers/CMSIS/system_stm32g4xx.o
 .debug_line    0x00002521      0xb84 ./Drivers/STM32G4xx_HAL_Driver/stm32g4xx_hal.o
 .debug_line    0x000030a5      0xd17 ./Drivers/STM32G4xx_HAL_Driver/stm32g4xx_hal_cortex.o
 .debug_line    0x00003dbc      0xd41 ./Drivers/STM32G4xx_HAL_Driver/stm32g4xx_hal_dac.o
 .debug_line    0x00004afd      0xd65 ./Drivers/STM32G4xx_HAL_Driver/stm32g4xx_hal_dac_ex.o
 .debug_line    0x00005862      0xeae ./Drivers/STM32G4xx_HAL_Driver/stm32g4xx_hal_dma.o
 .debug_line    0x00006710      0xb9d ./Drivers/STM32G4xx_HAL_Driver/stm32g4xx_hal_gpio.o
 .debug_line    0x000072ad      0xcf3 ./Drivers/STM32G4xx_HAL_Driver/stm32g4xx_hal_pwr_ex.o
 .debug_line    0x00007fa0      0xf4f ./Drivers/STM32G4xx_HAL_Driver/stm32g4xx_hal_rcc.o
 .debug_line    0x00008eef     0x4044 ./Drivers/STM32G4xx_HAL_Driver/stm32g4xx_hal_tim.o
 .debug_line    0x0000cf33     0x2187 ./Drivers/STM32G4xx_HAL_Driver/stm32g4xx_hal_tim_ex.o
 .debug_line    0x0000f0ba      0x23e ../../Middlewares/ST/ARM/DSP/Lib/libarm_cortexM4lf_math.a(arm_biquad_cascade_df1_init_f32.o)
 .debug_line    0x0000f2f8      0x4a4 ../../Middlewares/ST/ARM/DSP/Lib/libarm_cortexM4lf_math.a(arm_biquad_cascade_df1_f32.o)

.debug_str      0x00000000    0xf9b3c
 .debug_str     0x00000000    0xf59db ./Application/User/Core/main.o
                              0xf5ebd (size before relaxing)
 .debug_str     0x000f59db      0x1a7 ./Application/User/Core/stm32g4xx_hal_msp.o
                              0xf07c7 (size before relaxing)
 .debug_str     0x000f5b82      0x15e ./Application/User/Core/stm32g4xx_it.o
                              0xf0175 (size before relaxing)
 .debug_str     0x000f5ce0       0x50 ./Application/User/Startup/startup_stm32g474retx.o
                                 0xb6 (size before relaxing)
 .debug_str     0x000f5d30      0x12b ./Drivers/CMSIS/system_stm32g4xx.o
                              0xeffa6 (size before relaxing)
 .debug_str     0x000f5e5b      0x62f ./Drivers/STM32G4xx_HAL_Driver/stm32g4xx_hal.o
                              0xf0cb8 (size before relaxing)
 .debug_str     0x000f648a      0x3b9 ./Drivers/STM32G4xx_HAL_Driver/stm32g4xx_hal_cortex.o
                              0xf0974 (size before relaxing)
 .debug_str     0x000f6843      0x308 ./Drivers/STM32G4xx_HAL_Driver/stm32g4xx_hal_dac.o
                              0xf067b (size before relaxing)
 .debug_str     0x000f6b4b      0x2c8 ./Drivers/STM32G4xx_HAL_Driver/stm32g4xx_hal_dac_ex.o
                              0xf06aa (size before relaxing)
 .debug_str     0x000f6e13      0x2dd ./Drivers/STM32G4xx_HAL_Driver/stm32g4xx_hal_dma.o
                              0xf0380 (size before relaxing)
 .debug_str     0x000f70f0      0x1af ./Drivers/STM32G4xx_HAL_Driver/stm32g4xx_hal_gpio.o
                              0xf0131 (size before relaxing)
 .debug_str     0x000f729f      0x4e5 ./Drivers/STM32G4xx_HAL_Driver/stm32g4xx_hal_pwr_ex.o
                              0xf0494 (size before relaxing)
 .debug_str     0x000f7784      0x542 ./Drivers/STM32G4xx_HAL_Driver/stm32g4xx_hal_rcc.o
                              0xf06c5 (size before relaxing)
 .debug_str     0x000f7cc6      0xf4d ./Drivers/STM32G4xx_HAL_Driver/stm32g4xx_hal_tim.o
                              0xf14a4 (size before relaxing)
 .debug_str     0x000f8c13      0x950 ./Drivers/STM32G4xx_HAL_Driver/stm32g4xx_hal_tim_ex.o
                              0xf1118 (size before relaxing)
 .debug_str     0x000f9563      0x576 ../../Middlewares/ST/ARM/DSP/Lib/libarm_cortexM4lf_math.a(arm_biquad_cascade_df1_init_f32.o)
                                0x6d9 (size before relaxing)
 .debug_str     0x000f9ad9       0x63 ../../Middlewares/ST/ARM/DSP/Lib/libarm_cortexM4lf_math.a(arm_biquad_cascade_df1_f32.o)
                                0x6cb (size before relaxing)

.comment        0x00000000       0xbc
 .comment       0x00000000       0x43 ./Application/User/Core/main.o
                                 0x44 (size before relaxing)
 .comment       0x00000043       0x44 ./Application/User/Core/stm32g4xx_hal_msp.o
 .comment       0x00000043       0x44 ./Application/User/Core/stm32g4xx_it.o
 .comment       0x00000043       0x44 ./Drivers/CMSIS/system_stm32g4xx.o
 .comment       0x00000043       0x44 ./Drivers/STM32G4xx_HAL_Driver/stm32g4xx_hal.o
 .comment       0x00000043       0x44 ./Drivers/STM32G4xx_HAL_Driver/stm32g4xx_hal_cortex.o
 .comment       0x00000043       0x44 ./Drivers/STM32G4xx_HAL_Driver/stm32g4xx_hal_dac.o
 .comment       0x00000043       0x44 ./Drivers/STM32G4xx_HAL_Driver/stm32g4xx_hal_dac_ex.o
 .comment       0x00000043       0x44 ./Drivers/STM32G4xx_HAL_Driver/stm32g4xx_hal_dma.o
 .comment       0x00000043       0x44 ./Drivers/STM32G4xx_HAL_Driver/stm32g4xx_hal_gpio.o
 .comment       0x00000043       0x44 ./Drivers/STM32G4xx_HAL_Driver/stm32g4xx_hal_pwr_ex.o
 .comment       0x00000043       0x44 ./Drivers/STM32G4xx_HAL_Driver/stm32g4xx_hal_rcc.o
 .comment       0x00000043       0x44 ./Drivers/STM32G4xx_HAL_Driver/stm32g4xx_hal_tim.o
 .comment       0x00000043       0x44 ./Drivers/STM32G4xx_HAL_Driver/stm32g4xx_hal_tim_ex.o
 .comment       0x00000043       0x79 ../../Middlewares/ST/ARM/DSP/Lib/libarm_cortexM4lf_math.a(arm_biquad_cascade_df1_init_f32.o)
                                 0x7a (size before relaxing)
 .comment       0x000000bc       0x7a ../../Middlewares/ST/ARM/DSP/Lib/libarm_cortexM4lf_math.a(arm_biquad_cascade_df1_f32.o)

.debug_frame    0x00000000     0x3c34
 .debug_frame   0x00000000      0x168 ./Application/User/Core/main.o
 .debug_frame   0x00000168       0xcc ./Application/User/Core/stm32g4xx_hal_msp.o
 .debug_frame   0x00000234      0x13c ./Application/User/Core/stm32g4xx_it.o
 .debug_frame   0x00000370       0x58 ./Drivers/CMSIS/system_stm32g4xx.o
 .debug_frame   0x000003c8      0x500 ./Drivers/STM32G4xx_HAL_Driver/stm32g4xx_hal.o
 .debug_frame   0x000008c8      0x4e8 ./Drivers/STM32G4xx_HAL_Driver/stm32g4xx_hal_cortex.o
 .debug_frame   0x00000db0      0x338 ./Drivers/STM32G4xx_HAL_Driver/stm32g4xx_hal_dac.o
 .debug_frame   0x000010e8      0x344 ./Drivers/STM32G4xx_HAL_Driver/stm32g4xx_hal_dac_ex.o
 .debug_frame   0x0000142c      0x24c ./Drivers/STM32G4xx_HAL_Driver/stm32g4xx_hal_dma.o
 .debug_frame   0x00001678      0x14c ./Drivers/STM32G4xx_HAL_Driver/stm32g4xx_hal_gpio.o
 .debug_frame   0x000017c4      0x4fc ./Drivers/STM32G4xx_HAL_Driver/stm32g4xx_hal_pwr_ex.o
 .debug_frame   0x00001cc0      0x23c ./Drivers/STM32G4xx_HAL_Driver/stm32g4xx_hal_rcc.o
 .debug_frame   0x00001efc     0x1220 ./Drivers/STM32G4xx_HAL_Driver/stm32g4xx_hal_tim.o
 .debug_frame   0x0000311c      0xa70 ./Drivers/STM32G4xx_HAL_Driver/stm32g4xx_hal_tim_ex.o
 .debug_frame   0x00003b8c       0x28 ../../Middlewares/ST/ARM/DSP/Lib/libarm_cortexM4lf_math.a(arm_biquad_cascade_df1_init_f32.o)
 .debug_frame   0x00003bb4       0x34 ../../Middlewares/ST/ARM/DSP/Lib/libarm_cortexM4lf_math.a(arm_biquad_cascade_df1_f32.o)
 .debug_frame   0x00003be8       0x20 /Applications/STM32CubeIDE.app/Contents/Eclipse/plugins/com.st.stm32cube.ide.mcu.externaltools.gnu-tools-for-stm32.12.3.rel1.macos64_1.0.200.202406191456/tools/bin/../lib/gcc/arm-none-eabi/12.3.1/../../../../arm-none-eabi/lib/thumb/v7e-m+fp/hard/libc_nano.a(libc_a-memset.o)
 .debug_frame   0x00003c08       0x2c /Applications/STM32CubeIDE.app/Contents/Eclipse/plugins/com.st.stm32cube.ide.mcu.externaltools.gnu-tools-for-stm32.12.3.rel1.macos64_1.0.200.202406191456/tools/bin/../lib/gcc/arm-none-eabi/12.3.1/../../../../arm-none-eabi/lib/thumb/v7e-m+fp/hard/libc_nano.a(libc_a-init.o)

.debug_line_str
                0x00000000       0x9a
 .debug_line_str
                0x00000000       0x9a ./Application/User/Startup/startup_stm32g474retx.o

.debug_loc      0x00000000      0x88b
 .debug_loc     0x00000000       0xcd ../../Middlewares/ST/ARM/DSP/Lib/libarm_cortexM4lf_math.a(arm_biquad_cascade_df1_init_f32.o)
 .debug_loc     0x000000cd      0x7be ../../Middlewares/ST/ARM/DSP/Lib/libarm_cortexM4lf_math.a(arm_biquad_cascade_df1_f32.o)

.debug_ranges   0x00000000       0x20
 .debug_ranges  0x00000000       0x10 ../../Middlewares/ST/ARM/DSP/Lib/libarm_cortexM4lf_math.a(arm_biquad_cascade_df1_init_f32.o)
 .debug_ranges  0x00000010       0x10 ../../Middlewares/ST/ARM/DSP/Lib/libarm_cortexM4lf_math.a(arm_biquad_cascade_df1_f32.o)
